Microsoft Windows [Version 10.0.26100.3476]
(c) Microsoft Corporation. All rights reserved.

C:\Users\Satyam>git log
fatal: not a git repository (or any of the parent directories): .git

C:\Users\Satyam>git
usage: git [-v | --version] [-h | --help] [-C <path>] [-c <name>=<value>]
           [--exec-path[=<path>]] [--html-path] [--man-path] [--info-path]
           [-p | --paginate | -P | --no-pager] [--no-replace-objects] [--no-lazy-fetch]
           [--no-optional-locks] [--no-advice] [--bare] [--git-dir=<path>]
           [--work-tree=<path>] [--namespace=<name>] [--config-env=<name>=<envvar>]
           <command> [<args>]

These are common Git commands used in various situations:

start a working area (see also: git help tutorial)
   clone      Clone a repository into a new directory
   init       Create an empty Git repository or reinitialize an existing one

work on the current change (see also: git help everyday)
   add        Add file contents to the index
   mv         Move or rename a file, a directory, or a symlink
   restore    Restore working tree files
   rm         Remove files from the working tree and from the index

examine the history and state (see also: git help revisions)
   bisect     Use binary search to find the commit that introduced a bug
   diff       Show changes between commits, commit and working tree, etc
   grep       Print lines matching a pattern
   log        Show commit logs
   show       Show various types of objects
   status     Show the working tree status

grow, mark and tweak your common history
   backfill   Download missing objects in a partial clone
   branch     List, create, or delete branches
   commit     Record changes to the repository
   merge      Join two or more development histories together
   rebase     Reapply commits on top of another base tip
   reset      Reset current HEAD to the specified state
   switch     Switch branches
   tag        Create, list, delete or verify a tag object signed with GPG

collaborate (see also: git help workflows)
   fetch      Download objects and refs from another repository
   pull       Fetch from and integrate with another repository or a local branch
   push       Update remote refs along with associated objects

'git help -a' and 'git help -g' list available subcommands and some
concept guides. See 'git help <command>' or 'git help <concept>'
to read about a specific subcommand or concept.
See 'git help git' for an overview of the system.

C:\Users\Satyam>cd desktop

C:\Users\Satyam\Desktop>mkdir gittut

C:\Users\Satyam\Desktop>cd gittut

C:\Users\Satyam\Desktop\gittut>git init
Initialized empty Git repository in C:/Users/Satyam/Desktop/gittut/.git/

C:\Users\Satyam\Desktop\gittut>ls

C:\Users\Satyam\Desktop\gittut>ls -a
.  ..  .git

C:\Users\Satyam\Desktop\gittut>ls .git
HEAD  config  description  hooks  info  objects  refs

C:\Users\Satyam\Desktop\gittut>touch names.txt

C:\Users\Satyam\Desktop\gittut>git status
On branch master

No commits yet

Untracked files:
  (use "git add <file>..." to include in what will be committed)
        names.txt

nothing added to commit but untracked files present (use "git add" to track)

C:\Users\Satyam\Desktop\gittut>git add names.txt

C:\Users\Satyam\Desktop\gittut>git status
On branch master

No commits yet

Changes to be committed:
  (use "git rm --cached <file>..." to unstage)
        new file:   names.txt


C:\Users\Satyam\Desktop\gittut>git commit -m "names.txt file added"
[master (root-commit) 4a20e1d] names.txt file added
 1 file changed, 0 insertions(+), 0 deletions(-)
 create mode 100644 names.txt

C:\Users\Satyam\Desktop\gittut>git status
On branch master
nothing to commit, working tree clean

C:\Users\Satyam\Desktop\gittut>vi names.txt
'vi' is not recognized as an internal or external command,
operable program or batch file.

C:\Users\Satyam\Desktop\gittut>viw names.txt
'viw' is not recognized as an internal or external command,
operable program or batch file.

C:\Users\Satyam\Desktop\gittut>code names.txt

C:\Users\Satyam\Desktop\gittut>cat names.txt
satyam kumar
satvik rana
classmates making projects

C:\Users\Satyam\Desktop\gittut>gti status
'gti' is not recognized as an internal or external command,
operable program or batch file.

C:\Users\Satyam\Desktop\gittut>git status
On branch master
Changes not staged for commit:
  (use "git add <file>..." to update what will be committed)
  (use "git restore <file>..." to discard changes in working directory)
        modified:   names.txt

no changes added to commit (use "git add" and/or "git commit -a")

C:\Users\Satyam\Desktop\gittut>git add .

C:\Users\Satyam\Desktop\gittut>git status
On branch master
Changes to be committed:
  (use "git restore --staged <file>..." to unstage)
        modified:   names.txt


C:\Users\Satyam\Desktop\gittut>git restore --staged names.txt

C:\Users\Satyam\Desktop\gittut>git status
On branch master
Changes not staged for commit:
  (use "git add <file>..." to update what will be committed)
  (use "git restore <file>..." to discard changes in working directory)
        modified:   names.txt

no changes added to commit (use "git add" and/or "git commit -a")

C:\Users\Satyam\Desktop\gittut>git add names.txt

C:\Users\Satyam\Desktop\gittut>git status
On branch master
Changes to be committed:
  (use "git restore --staged <file>..." to unstage)
        modified:   names.txt


C:\Users\Satyam\Desktop\gittut>git commit -m "names.txt files modified"
[master 6d51a69] names.txt files modified
 1 file changed, 3 insertions(+)

C:\Users\Satyam\Desktop\gittut>git log
commit 6d51a69f2a3235c9e79328841e4fb2bf786ff1d2 (HEAD -> master)
Author: satyam1857 <2237003.cse.cec@cgc.edu.in>
Date:   Fri Apr 11 16:19:33 2025 +0530

    names.txt files modified

commit 4a20e1d05587df710b79e65de8828fc3de1e182b
Author: satyam1857 <2237003.cse.cec@cgc.edu.in>
Date:   Fri Apr 11 16:11:01 2025 +0530

    names.txt file added

C:\Users\Satyam\Desktop\gittut>rm -rf names.txt

C:\Users\Satyam\Desktop\gittut>git status
On branch master
Changes not staged for commit:
  (use "git add/rm <file>..." to update what will be committed)
  (use "git restore <file>..." to discard changes in working directory)
        deleted:    names.txt

no changes added to commit (use "git add" and/or "git commit -a")

C:\Users\Satyam\Desktop\gittut>git add .

C:\Users\Satyam\Desktop\gittut>git commit -m "names.txt file deleted"
[master 803dbc6] names.txt file deleted
 1 file changed, 3 deletions(-)
 delete mode 100644 names.txt

C:\Users\Satyam\Desktop\gittut>git log
commit 803dbc689b4e01de84de0ae029a9f7bf77a0937a (HEAD -> master)
Author: satyam1857 <2237003.cse.cec@cgc.edu.in>
Date:   Fri Apr 11 16:21:39 2025 +0530

    names.txt file deleted

commit 6d51a69f2a3235c9e79328841e4fb2bf786ff1d2
Author: satyam1857 <2237003.cse.cec@cgc.edu.in>
Date:   Fri Apr 11 16:19:33 2025 +0530

    names.txt files modified

commit 4a20e1d05587df710b79e65de8828fc3de1e182b
Author: satyam1857 <2237003.cse.cec@cgc.edu.in>
Date:   Fri Apr 11 16:11:01 2025 +0530

    names.txt file added

C:\Users\Satyam\Desktop\gittut>git reset 4a20e1d05587df710b79e65de8828fc3de1e182b
Unstaged changes after reset:
D       names.txt

C:\Users\Satyam\Desktop\gittut>git log
commit 4a20e1d05587df710b79e65de8828fc3de1e182b (HEAD -> master)
Author: satyam1857 <2237003.cse.cec@cgc.edu.in>
Date:   Fri Apr 11 16:11:01 2025 +0530

    names.txt file added

C:\Users\Satyam\Desktop\gittut>git status
On branch master
Changes not staged for commit:
  (use "git add/rm <file>..." to update what will be committed)
  (use "git restore <file>..." to discard changes in working directory)
        deleted:    names.txt

no changes added to commit (use "git add" and/or "git commit -a")

C:\Users\Satyam\Desktop\gittut>git add .

C:\Users\Satyam\Desktop\gittut>git status
On branch master
Changes to be committed:
  (use "git restore --staged <file>..." to unstage)
        deleted:    names.txt


C:\Users\Satyam\Desktop\gittut>touch surnames.txt

C:\Users\Satyam\Desktop\gittut>git add .

C:\Users\Satyam\Desktop\gittut>git status
On branch master
Changes to be committed:
  (use "git restore --staged <file>..." to unstage)
        renamed:    names.txt -> surnames.txt


C:\Users\Satyam\Desktop\gittut>code surname.txt

C:\Users\Satyam\Desktop\gittut>touch houses.txt

C:\Users\Satyam\Desktop\gittut>git status
On branch master
Changes to be committed:
  (use "git restore --staged <file>..." to unstage)
        renamed:    names.txt -> surnames.txt

Untracked files:
  (use "git add <file>..." to include in what will be committed)
        houses.txt
        surname.txt


C:\Users\Satyam\Desktop\gittut>git add .

C:\Users\Satyam\Desktop\gittut>git status
On branch master
Changes to be committed:
  (use "git restore --staged <file>..." to unstage)
        renamed:    names.txt -> houses.txt
        new file:   surname.txt
        new file:   surnames.txt


C:\Users\Satyam\Desktop\gittut>cat surnames.txt

C:\Users\Satyam\Desktop\gittut>cat surname.txt
satyam kumar

C:\Users\Satyam\Desktop\gittut>git stash
Saved working directory and index state WIP on master: 4a20e1d names.txt file added

C:\Users\Satyam\Desktop\gittut>git status
On branch master
nothing to commit, working tree clean

C:\Users\Satyam\Desktop\gittut>git stash pop
On branch master
Changes to be committed:
  (use "git restore --staged <file>..." to unstage)
        new file:   houses.txt
        new file:   surname.txt
        new file:   surnames.txt

Changes not staged for commit:
  (use "git add/rm <file>..." to update what will be committed)
  (use "git restore <file>..." to discard changes in working directory)
        deleted:    names.txt

Dropped refs/stash@{0} (a5a8c0a51fae7120528552fbfe5cc86a8ffad366)

C:\Users\Satyam\Desktop\gittut>git status
On branch master
Changes to be committed:
  (use "git restore --staged <file>..." to unstage)
        new file:   houses.txt
        new file:   surname.txt
        new file:   surnames.txt

Changes not staged for commit:
  (use "git add/rm <file>..." to update what will be committed)
  (use "git restore <file>..." to discard changes in working directory)
        deleted:    names.txt


C:\Users\Satyam\Desktop\gittut>git add .

C:\Users\Satyam\Desktop\gittut>git stash
Saved working directory and index state WIP on master: 4a20e1d names.txt file added

C:\Users\Satyam\Desktop\gittut>git stash clear

C:\Users\Satyam\Desktop\gittut>git stash pop
No stash entries found.

C:\Users\Satyam\Desktop\gittut>git remote add origin https://github.com/Satyamkumar-003/friendsproject-git

C:\Users\Satyam\Desktop\gittut>git remote -v
origin  https://github.com/Satyamkumar-003/friendsproject-git (fetch)
origin  https://github.com/Satyamkumar-003/friendsproject-git (push)

C:\Users\Satyam\Desktop\gittut>git push origin master
remote: Permission to Satyamkumar-003/friendsproject-git.git denied to satyam1857.
fatal: unable to access 'https://github.com/Satyamkumar-003/friendsproject-git/': The requested URL returned error: 403

C:\Users\Satyam\Desktop\gittut>git config user.name
satyam1857

C:\Users\Satyam\Desktop\gittut>git config user.email
2237003.cse.cec@cgc.edu.in

C:\Users\Satyam\Desktop\gittut>git credential-manager clear
Required command was not provided.
Unrecognized command or argument 'clear'.

Description:

Usage:
  git-credential-manager [command] [options]

Options:
  --no-ui         Do not use graphical user interface prompts
  --version       Show version information
  -?, -h, --help  Show help and usage information

Commands:
  get          [Git] Return a stored credential
  store        [Git] Store a credential
  erase        [Git] Erase a stored credential
  configure    Configure Git Credential Manager as the Git credential
               helper
  unconfigure  Unconfigure Git Credential Manager as the Git credential
               helper
  diagnose     Run diagnostics and gather logs to diagnose problems
               with Git Credential Manager
  azure-repos  Commands for interacting with the Azure Repos host
               provider
  github       Commands for interacting with the GitHub host provider


C:\Users\Satyam\Desktop\gittut>git config --global user.name "Satyamkumar-003"

C:\Users\Satyam\Desktop\gittut>git config --global user.email "satyamkumar0238@gmail.com"

C:\Users\Satyam\Desktop\gittut>git push origin master
info: please complete authentication in your browser...
Enumerating objects: 3, done.
Counting objects: 100% (3/3), done.
Writing objects: 100% (3/3), 220 bytes | 220.00 KiB/s, done.
Total 3 (delta 0), reused 0 (delta 0), pack-reused 0 (from 0)
To https://github.com/Satyamkumar-003/friendsproject-git
 * [new branch]      master -> master

C:\Users\Satyam\Desktop\gittut>git status
On branch master
nothing to commit, working tree clean

C:\Users\Satyam\Desktop\gittut>git branch features

C:\Users\Satyam\Desktop\gittut>git checkout feature
error: pathspec 'feature' did not match any file(s) known to git

C:\Users\Satyam\Desktop\gittut>git checkout features
Switched to branch 'features'

C:\Users\Satyam\Desktop\gittut>touch feat.txt

C:\Users\Satyam\Desktop\gittut>git add .

C:\Users\Satyam\Desktop\gittut>git status
On branch features
Changes to be committed:
  (use "git restore --staged <file>..." to unstage)
        new file:   feat.txt


C:\Users\Satyam\Desktop\gittut>git commit -m "new branch feat"
[features 7f526f1] new branch feat
 1 file changed, 0 insertions(+), 0 deletions(-)
 create mode 100644 feat.txt

C:\Users\Satyam\Desktop\gittut>git log
commit 7f526f127bc29db604480e6a85df6c1e347126ea (HEAD -> features)
Author: Satyamkumar-003 <satyamkumar0238@gmail.com>
Date:   Sat Apr 12 14:38:35 2025 +0530

    new branch feat

commit 4a20e1d05587df710b79e65de8828fc3de1e182b (origin/master, master)
Author: satyam1857 <2237003.cse.cec@cgc.edu.in>
Date:   Fri Apr 11 16:11:01 2025 +0530

    names.txt file added

C:\Users\Satyam\Desktop\gittut>git status
On branch features
nothing to commit, working tree clean

C:\Users\Satyam\Desktop\gittut>git add .

C:\Users\Satyam\Desktop\gittut>git status
On branch features
nothing to commit, working tree clean

C:\Users\Satyam\Desktop\gittut>git push origin features
Enumerating objects: 3, done.
Counting objects: 100% (3/3), done.
Delta compression using up to 8 threads
Compressing objects: 100% (2/2), done.
Writing objects: 100% (2/2), 248 bytes | 248.00 KiB/s, done.
Total 2 (delta 0), reused 0 (delta 0), pack-reused 0 (from 0)
remote:
remote: Create a pull request for 'features' on GitHub by visiting:
remote:      https://github.com/Satyamkumar-003/friendsproject-git/pull/new/features
remote:
To https://github.com/Satyamkumar-003/friendsproject-git
 * [new branch]      features -> features

C:\Users\Satyam\Desktop\gittut>git log
commit 7f526f127bc29db604480e6a85df6c1e347126ea (HEAD -> features, origin/features)
Author: Satyamkumar-003 <satyamkumar0238@gmail.com>
Date:   Sat Apr 12 14:38:35 2025 +0530

    new branch feat

commit 4a20e1d05587df710b79e65de8828fc3de1e182b (origin/master, master)
Author: satyam1857 <2237003.cse.cec@cgc.edu.in>
Date:   Fri Apr 11 16:11:01 2025 +0530

    names.txt file added

C:\Users\Satyam\Desktop\gittut>git remove -v
git: 'remove' is not a git command. See 'git --help'.

The most similar command is
        remote

C:\Users\Satyam\Desktop\gittut>git remote -v
origin  https://github.com/Satyamkumar-003/friendsproject-git (fetch)
origin  https://github.com/Satyamkumar-003/friendsproject-git (push)

C:\Users\Satyam\Desktop\gittut>git checkout features
Already on 'features'

C:\Users\Satyam\Desktop\gittut>git add .

C:\Users\Satyam\Desktop\gittut>git status
On branch features
nothing to commit, working tree clean

C:\Users\Satyam\Desktop\gittut>touch readme.txt

C:\Users\Satyam\Desktop\gittut>code readme.txt

C:\Users\Satyam\Desktop\gittut>git add .

C:\Users\Satyam\Desktop\gittut>git commit -m "readme file is added"
[features a17f0a6] readme file is added
 1 file changed, 2 insertions(+)
 create mode 100644 readme.txt

C:\Users\Satyam\Desktop\gittut>git log
commit a17f0a604de8a11426f695b0e12dd2e83df02b0c (HEAD -> features)
Author: Satyamkumar-003 <satyamkumar0238@gmail.com>
Date:   Sun Apr 13 11:47:47 2025 +0530

    readme file is added

commit 7f526f127bc29db604480e6a85df6c1e347126ea (origin/features)
Author: Satyamkumar-003 <satyamkumar0238@gmail.com>
Date:   Sat Apr 12 14:38:35 2025 +0530

    new branch feat

commit 4a20e1d05587df710b79e65de8828fc3de1e182b (origin/master, master)
Author: satyam1857 <2237003.cse.cec@cgc.edu.in>
Date:   Fri Apr 11 16:11:01 2025 +0530

    names.txt file added

C:\Users\Satyam\Desktop\gittut>touch new.txt

C:\Users\Satyam\Desktop\gittut>git add .

C:\Users\Satyam\Desktop\gittut>git commit -m "new file added"
[features f7a62bd] new file added
 1 file changed, 0 insertions(+), 0 deletions(-)
 create mode 100644 new.txt

C:\Users\Satyam\Desktop\gittut>git push origin features
Enumerating objects: 6, done.
Counting objects: 100% (6/6), done.
Delta compression using up to 8 threads
Compressing objects: 100% (5/5), done.
Writing objects: 100% (5/5), 526 bytes | 175.00 KiB/s, done.
Total 5 (delta 1), reused 0 (delta 0), pack-reused 0 (from 0)
remote: Resolving deltas: 100% (1/1), done.
To https://github.com/Satyamkumar-003/friendsproject-git
   7f526f1..f7a62bd  features -> features

C:\Users\Satyam\Desktop\gittut>git status
On branch features
nothing to commit, working tree clean

C:\Users\Satyam\Desktop\gittut>git log
commit f7a62bd46fde80c357704d36bf420ff32af9a468 (HEAD -> features, origin/features)
Author: Satyamkumar-003 <satyamkumar0238@gmail.com>
Date:   Sun Apr 13 11:54:19 2025 +0530

    new file added

commit a17f0a604de8a11426f695b0e12dd2e83df02b0c
Author: Satyamkumar-003 <satyamkumar0238@gmail.com>
Date:   Sun Apr 13 11:47:47 2025 +0530

    readme file is added

commit 7f526f127bc29db604480e6a85df6c1e347126ea
Author: Satyamkumar-003 <satyamkumar0238@gmail.com>
Date:   Sat Apr 12 14:38:35 2025 +0530

    new branch feat

commit 4a20e1d05587df710b79e65de8828fc3de1e182b (origin/master, master)
Author: satyam1857 <2237003.cse.cec@cgc.edu.in>
Date:   Fri Apr 11 16:11:01 2025 +0530

    names.txt file added

C:\Users\Satyam\Desktop\gittut>git reset  a17f0a604de8a11426f695b0e12dd2e83df02b0c

C:\Users\Satyam\Desktop\gittut>git status
On branch features
Untracked files:
  (use "git add <file>..." to include in what will be committed)
        new.txt

nothing added to commit but untracked files present (use "git add" to track)

C:\Users\Satyam\Desktop\gittut>git add .

C:\Users\Satyam\Desktop\gittut>git stash
Saved working directory and index state WIP on features: a17f0a6 readme file is added

C:\Users\Satyam\Desktop\gittut>git log
commit a17f0a604de8a11426f695b0e12dd2e83df02b0c (HEAD -> features)
Author: Satyamkumar-003 <satyamkumar0238@gmail.com>
Date:   Sun Apr 13 11:47:47 2025 +0530

    readme file is added

commit 7f526f127bc29db604480e6a85df6c1e347126ea
Author: Satyamkumar-003 <satyamkumar0238@gmail.com>
Date:   Sat Apr 12 14:38:35 2025 +0530

    new branch feat

commit 4a20e1d05587df710b79e65de8828fc3de1e182b (origin/master, master)
Author: satyam1857 <2237003.cse.cec@cgc.edu.in>
Date:   Fri Apr 11 16:11:01 2025 +0530

    names.txt file added

C:\Users\Satyam\Desktop\gittut>git push origin features -f
Total 0 (delta 0), reused 0 (delta 0), pack-reused 0 (from 0)
To https://github.com/Satyamkumar-003/friendsproject-git
 + f7a62bd...a17f0a6 features -> features (forced update)

C:\Users\Satyam\Desktop\gittut>touch command_of_git.txt

C:\Users\Satyam\Desktop\gittut>code command_of_git.txt

C:\Users\Satyam\Desktop\gittut>